// Jest Snapshot v1, https://goo.gl/fbAQLP

exports[`<SelectedCity /> renders component correctly 1`] = `
<div>
  <div />
</div>
`;
