// Jest Snapshot v1, https://goo.gl/fbAQLP

exports[`<App /> renders component correctly 1`] = `
.c2 {
  width: 300px;
  height: 300px;
  border: white 1px solid;
}

.c1 {
  display: -webkit-box;
  display: -webkit-flex;
  display: -ms-flexbox;
  display: flex;
  -webkit-flex-flow: column;
  -ms-flex-flow: column;
  flex-flow: column;
}

.c0 {
  display: -webkit-box;
  display: -webkit-flex;
  display: -ms-flexbox;
  display: flex;
  background-color: #282c34;
  min-height: 100vh;
  display: -webkit-box;
  display: -webkit-flex;
  display: -ms-flexbox;
  display: flex;
  -webkit-box-pack: space-around;
  -webkit-justify-content: space-around;
  -ms-flex-pack: space-around;
  justify-content: space-around;
  font-size: calc(10px + 2vmin);
  color: white;
}

<div>
  <div
    class="App"
  >
    <div
      class="c0"
    >
      <div
        class="c1"
      >
        <div>
          Here, Now
        </div>
        <div
          class="c2"
        >
          <div>
            London
          </div>
          <div>
            17.24
            â„ƒ
          </div>
          <div>
            5.66
            m/s
          </div>
        </div>
      </div>
    </div>
  </div>
</div>
`;
